Part_3_Mask_Prices/Resources/2-Weddingstar.csv
#,Date,Rank,Price,Sales
671,4/12/2021,899,9.57,26
672,4/11/2021,899,9.58,26
673,4/10/2021,899,9.59,26
674,4/9/2021,899,9.6,26
675,4/8/2021,899,9.61,26
676,4/7/2021,899,9.62,26
677,4/6/2021,899,9.63,26
678,4/5/2021,899,9.64,26
679,4/4/2021,899,9.65,26
680,4/3/2021,899,9.66,26
681,4/2/2021,899,9.67,26
682,4/1/2021,899,9.68,26
683,3/31/2021,899,9.69,26
684,3/30/2021,899,9.7,26
685,3/29/2021,899,9.71,26
686,3/28/2021,899,9.72,26
687,3/27/2021,899,9.73,26
688,3/26/2021,899,9.74,26
689,3/25/2021,899,9.75,26
690,3/24/2021,899,9.76,26
691,3/23/2021,899,9.77,26
692,3/22/2021,899,9.78,26
693,3/21/2021,899,9.79,26
694,3/20/2021,899,9.8,26
695,3/19/2021,899,9.81,26
696,3/18/2021,899,9.82,26
697,3/17/2021,899,9.83,26
698,3/16/2021,899,9.84,26
699,3/15/2021,899,9.85,26
700,3/13/2021,899,9.86,26
701,3/12/2021,899,9.87,26
702,3/11/2021,899,9.88,26
703,3/10/2021,899,9.89,26
704,3/9/2021,899,9.9,26
705,3/8/2021,899,9.91,26
706,3/7/2021,899,9.92,26
707,3/6/2021,899,9.93,26
708,3/5/2021,899,9.94,26
709,3/4/2021,899,9.95,26
710,3/3/2021,899,9.96,26
711,3/2/2021,899,9.97,26
712,3/1/2021,899,9.98,26
713,2/28/2021,899,9.99,26
714,2/27/2021,899,9.75,26
715,2/26/2021,899,9.54,26
716,2/25/2021,899,9.33,26
717,2/24/2021,899,9.12,26
718,2/23/2021,899,8.91,26
719,2/22/2021,899,8.7,26
720,2/21/2021,899,8.49,26
